SERVIDOR_OK
##### precio-doble-superior answered pasos= 2 16s
   R: precio = $90
##### desayuno-hora answered pasos= 0 1s
   R: desayuno-hora = 6:00 AM to 9:00 AM
##### checkin-hora answered pasos= 0 1s
   R: check-in = 12:00
##### checkout-hora answered pasos= 0 1s
   R: check-out = 10:30
##### direccion answered pasos= 0 1s
   R: direccion = 759 Calle Hospital, Cusco, Cusco, 08002, PE
##### telefono answered pasos= 0 1s
   R: telefono = +51992559943
##### correo answered pasos= 2 7s
   R: correo = info@usgarhoteles.com
##### room-types answered pasos= 0 1s
   R: room-types = Double Superior Room | Superior Matrimonial Room | Family Superior Room | Triple Standard Room
##### wifi-clave answered pasos= 0 2s
   R: wifi-clave = el sitio anuncia wifi gratis pero no publica la clave
##### piscina budget_exhausted pasos= 8 17s
##### gastronomia not_found_in_survey pasos= 8 25s
##### ubicacion-barrio not_found_in_survey pasos= 8 39s
##### idiomas answered pasos= 1 5s
   R: extractiva = oom Family Superior Room Triple Standard Room CHECK AVAILABILITY GUEST REVIEWS What Our Guests Say Hear from travelers who have experienced USGAR Hote
##### aeropuerto not_found_in_survey pasos= 8 15s
##### equipaje answered pasos= 0 1s
   R: check-out = 10:30
##### oxigeno not_found_in_survey pasos= 8 29s
=== BENCH16: 15/16 concluyen, 11 con respuesta ===
